
[1m[46m RUN [49m[22m [36mv4.0.18 [39m[90mC:/WORK/PERSONALI/REST-Sync-Lite[39m

stderr | test/sync.test.ts > SyncEngine > should remove item on permanent error (400)
Permanent error, discarding request: a2609e4e-dd65-4a45-90db-2f59a82ecd35 { status: 400, statusText: undefined }

 [32mÔ£ô[39m test/sync.test.ts [2m([22m[2m3 tests[22m[2m)[22m[32m 12[2mms[22m[39m

[2m Test Files [22m [1m[32m1 passed[39m[22m[90m (1)[39m
[2m      Tests [22m [1m[32m3 passed[39m[22m[90m (3)[39m
[2m   Start at [22m 17:18:11
[2m   Duration [22m 810ms[2m (transform 86ms, setup 0ms, import 139ms, tests 12ms, environment 452ms)[22m

